2026-07-08T02:23:41.188Z STAGE=research RESULT=success
2026-07-08T02:24:10.100Z STAGE=research_qa RESULT=success
2026-07-08T12:21:33.516Z STAGE=script RESULT=success
2026-07-08T12:22:02.912Z STAGE=script_qa RESULT=success
2026-07-08T12:22:55.219Z STAGE=voice_script RESULT=success
2026-07-08T12:23:14.831Z STAGE=voice_qa RESULT=success
2026-07-08T12:25:39.348Z STAGE=storyboard RESULT=success
2026-07-08T12:26:05.319Z STAGE=storyboard_qa RESULT=success
2026-07-08T12:27:29.312Z STAGE=visual_style_bible RESULT=success
2026-07-08T12:29:12.276Z STAGE=visual_prompt RESULT=success
2026-07-08T12:29:31.526Z STAGE=visual_qa RESULT=success
2026-07-08T12:30:31.898Z STAGE=director RESULT=success
2026-07-08T12:31:27.083Z STAGE=remotion RESULT=success
2026-07-08T12:31:49.213Z STAGE=editor RESULT=success
2026-07-08T12:38:18.371Z STAGE=render_qa RESULT=success
2026-07-08T17:50:53.251Z STAGE=storyboard_qa RESULT=success
2026-07-08T17:50:59.598Z STAGE=visual_style_bible RESULT=success
2026-07-08T17:50:59.764Z STAGE=visual_prompt RESULT=success
2026-07-08T17:51:00.020Z STAGE=visual_qa RESULT=success
2026-07-08T17:51:05.472Z STAGE=director RESULT=success
2026-07-08T17:51:05.616Z STAGE=remotion RESULT=success
2026-07-08T17:52:39.591Z STAGE=editor RESULT=success
2026-07-08T17:52:39.686Z STAGE=render_qa RESULT=success
